// Jest Snapshot v1, https://goo.gl/fbAQLP

exports[`renders correctly 1`] = `
<YiPushButtonView
  name="Btn-Back"
  onLoad={[Function]}
  onTimelinesLoaded={[Function]}
  visible={false}
/>
`;
