// Jest Snapshot v1, https://goo.gl/fbAQLP

exports[`renders correctly 1`] = `
<View
  style={
    Object {
      "backgroundColor": "#000",
      "flex": 1,
    }
  }
>
  <Composition
    onTimelinesLoaded={[Function]}
    source="Auryn_Splash"
  >
    <TimelineRef
      autoplay={false}
      direction="forward"
      loop={false}
      name="SplashIn"
      onAborted={[Function]}
      onCompleted={[Function]}
      onCompletedForward={[Function]}
      onCompletedReverse={[Function]}
      onCompositionDidLoad={[Function]}
      onPaused={[Function]}
      onPausedForward={[Function]}
      onPausedReverse={[Function]}
      onPlay={[Function]}
      onPlayForward={[Function]}
      onPlayReverse={[Function]}
      onStarted={[Function]}
      onStartedForward={[Function]}
      onStartedReverse={[Function]}
    />
    <TimelineRef
      autoplay={false}
      direction="forward"
      loop={false}
      name="SplashOut"
      onAborted={[Function]}
      onCompleted={[Function]}
      onCompletedForward={[Function]}
      onCompletedReverse={[Function]}
      onCompositionDidLoad={[Function]}
      onPaused={[Function]}
      onPausedForward={[Function]}
      onPausedReverse={[Function]}
      onPlay={[Function]}
      onPlayForward={[Function]}
      onPlayReverse={[Function]}
      onStarted={[Function]}
      onStartedForward={[Function]}
      onStartedReverse={[Function]}
    />
    <ViewRef
      name="Loader"
      onCompositionDidLoad={[Function]}
      onTimelinesLoaded={[Function]}
    >
      <TimelineRef
        autoplay={true}
        direction="forward"
        loop={true}
        name="Loop"
        onAborted={[Function]}
        onCompleted={[Function]}
        onCompletedForward={[Function]}
        onCompletedReverse={[Function]}
        onCompositionDidLoad={[Function]}
        onPaused={[Function]}
        onPausedForward={[Function]}
        onPausedReverse={[Function]}
        onPlay={[Function]}
        onPlayForward={[Function]}
        onPlayReverse={[Function]}
        onStarted={[Function]}
        onStartedForward={[Function]}
        onStartedReverse={[Function]}
      />
    </ViewRef>
  </Composition>
</View>
`;

exports[`renders correctly with error 1`] = `
<View
  style={
    Object {
      "alignItems": "center",
      "backgroundColor": "#143672",
      "borderColor": "black",
      "borderWidth": 3,
      "flex": 1,
      "flexWrap": "wrap",
      "justifyContent": "center",
    }
  }
>
  <Text
    style={
      Object {
        "color": "white",
        "fontSize": 36,
      }
    }
  >
    Splash Screen with Error
  </Text>
</View>
`;
