// Jest Snapshot v1, https://goo.gl/fbAQLP

exports[`renders correctly 1`] = `
<YiPushButtonView
  name="Button1"
  onFocus={[Function]}
  onLoad={[Function]}
  onPress={[Function]}
  onTimelinesLoaded={[Function]}
>
  <TimelineRef
    direction="reverse"
    loop={false}
    name="Toggle-On"
    onAborted={[Function]}
    onCompleted={[Function]}
    onCompletedForward={[Function]}
    onCompletedReverse={[Function]}
    onLoad={[Function]}
    onPaused={[Function]}
    onPausedForward={[Function]}
    onPausedReverse={[Function]}
    onPlay={[Function]}
    onPlayForward={[Function]}
    onPlayReverse={[Function]}
    onStarted={[Function]}
    onStartedForward={[Function]}
    onStartedReverse={[Function]}
    playOnLoad={false}
  />
</YiPushButtonView>
`;
